// Jest Snapshot v1, https://goo.gl/fbAQLP

exports[`App renders the App component correctly 1`] = `
<DocumentFragment>
  <div
    class="weather-app"
  >
    <h1
      class="location-details"
    >
      Manchester, UK
    </h1>
    <div
      class="search-form"
    >
      <input
        type="text"
        value=""
      />
      <button
        type="submit"
      >
        Search
      </button>
    </div>
    <div
      class="forecast-summaries"
    >
      <div
        class="forecast-summary"
        data-testid="forecast-summary"
      >
        <div
          class="forecast-summary_date"
        >
          Mon Apr 30 2018
        </div>
        <div
          class="forecast-summary_icon"
          data-testid="forecast-icon"
        >
          <img
            alt="icon"
            src="https://openweathermap.org/img/wn/01d@2x.png"
          />
        </div>
        <div
          class="forecast-summary_temperature"
        >
          11°C
        </div>
        <div
          class="forecast-summary_description"
        >
          Clear
        </div>
        <button
          type="button"
        >
          More details
        </button>
      </div>
      <div
        class="forecast-summary"
        data-testid="forecast-summary"
      >
        <div
          class="forecast-summary_date"
        >
          Tue May 01 2018
        </div>
        <div
          class="forecast-summary_icon"
          data-testid="forecast-icon"
        >
          <img
            alt="icon"
            src="https://openweathermap.org/img/wn/11d@2x.png"
          />
        </div>
        <div
          class="forecast-summary_temperature"
        >
          13°C
        </div>
        <div
          class="forecast-summary_description"
        >
          Stormy
        </div>
        <button
          type="button"
        >
          More details
        </button>
      </div>
      <div
        class="forecast-summary"
        data-testid="forecast-summary"
      >
        <div
          class="forecast-summary_date"
        >
          Wed May 02 2018
        </div>
        <div
          class="forecast-summary_icon"
          data-testid="forecast-icon"
        >
          <img
            alt="icon"
            src="https://openweathermap.org/img/wn/13d@2x.png"
          />
        </div>
        <div
          class="forecast-summary_temperature"
        >
          1°C
        </div>
        <div
          class="forecast-summary_description"
        >
          Heavy Snow
        </div>
        <button
          type="button"
        >
          More details
        </button>
      </div>
      <div
        class="forecast-summary"
        data-testid="forecast-summary"
      >
        <div
          class="forecast-summary_date"
        >
          Thu May 03 2018
        </div>
        <div
          class="forecast-summary_icon"
          data-testid="forecast-icon"
        >
          <img
            alt="icon"
            src="https://openweathermap.org/img/wn/50d@2x.png"
          />
        </div>
        <div
          class="forecast-summary_temperature"
        >
          20°C
        </div>
        <div
          class="forecast-summary_description"
        >
          Tornado
        </div>
        <button
          type="button"
        >
          More details
        </button>
      </div>
      <div
        class="forecast-summary"
        data-testid="forecast-summary"
      >
        <div
          class="forecast-summary_date"
        >
          Fri May 04 2018
        </div>
        <div
          class="forecast-summary_icon"
          data-testid="forecast-icon"
        >
          <img
            alt="icon"
            src="https://openweathermap.org/img/wn/50d@2x.png"
          />
        </div>
        <div
          class="forecast-summary_temperature"
        >
          25°C
        </div>
        <div
          class="forecast-summary_description"
        >
          Hazy
        </div>
        <button
          type="button"
        >
          More details
        </button>
      </div>
    </div>
    <div
      class="forecast-details"
    >
      <div
        class="forecast-details_date"
      >
        Mon Apr 30 2018
      </div>
      <div
        class="forecast-details_max-temp"
      >
        <strong>
          Max temperature:
        </strong>
         11°C
      </div>
      <div
        class="forecast-details_min-temp"
      >
        <strong>
          Min temperature:
        </strong>
         4°C
      </div>
      <div
        class="forecast-details_humidity"
      >
        <strong>
          Humidity:
        </strong>
         30 %
      </div>
      <div
        class="forecast-details_wind-speed"
      >
        <strong>
          Wind Speed:
        </strong>
         13 mph
      </div>
      <div
        class="forecast-details_wind-direction"
      >
        <strong>
          Wind Speed:
        </strong>
         s
      </div>
    </div>
  </div>
</DocumentFragment>
`;
